[2019-08-02T15:41:15.563] [INFO] file - mongo connected...
[2019-08-02T15:43:00.535] [INFO] file - mongo connected...
[2019-08-02T15:45:23.411] [INFO] file - mongo connected...
[2019-08-02T16:09:23.320] [INFO] file - mongo connected...
[2019-08-02T16:13:59.790] [INFO] file - mongo connected...
[2019-08-02T16:15:36.819] [INFO] file - mongo connected...
[2019-08-02T16:46:09.062] [INFO] file - mongo connected...
[2019-08-02T16:49:26.559] [INFO] file - mongo connected...
